L 04/29/2018 - 16:37:28: -------- Mapchange to de_dust2 --------
L 04/29/2018 - 16:37:37: Invalid multi-lingual line (file "cstrike\addons\amxmodx\data\lang\xredirect.txt" line 1)
L 04/29/2018 - 16:39:02: [xredirect.amxx] ML_NOTFOUND: MSG_OWN_DETECTION_ERROR
L 04/29/2018 - 16:43:36: -------- Mapchange to de_dust2 --------
L 04/29/2018 - 16:43:44: Invalid multi-lingual line (file "cstrike\addons\amxmodx\data\lang\xredirect.txt" line 1)
L 04/29/2018 - 16:43:53: [xredirect.amxx] Ошибка: наш сервер не был обнаружен, плагин не будет функционировать правльно
L 04/29/2018 - 16:44:46: [admin.amxx] Login: "Mint Show<1><STEAM_0:1:189093674><>" became an admin (account "Mint Show") (access "abcdefijkmnopqrstu") (address "192.168.0.102")
L 04/29/2018 - 16:44:56: [plmenu.amxx] Cmd: "Mint Show<1><STEAM_0:1:189093674><>" slay "Mint Show<1><STEAM_0:1:189093674><>"
L 04/29/2018 - 16:49:42: -------- Mapchange to de_dust2 --------
L 04/29/2018 - 16:49:44: Invalid multi-lingual line (file "cstrike\addons\amxmodx\data\lang\xredirect.txt" line 1)
L 04/29/2018 - 16:49:53: [admin.amxx] Login: "Mint Show<6><STEAM_0:1:189093674><>" became an admin (account "Mint Show") (access "abcdefijkmnopqrstu") (address "192.168.0.102")
L 04/29/2018 - 16:49:53: [xredirect.amxx] Ошибка: наш сервер не был обнаружен, плагин не будет функционировать правльно
L 04/29/2018 - 16:51:16: [amxx_podbotmenu.amxx] [POD-Bot] "<6><STEAM_0:1:189093><>" add a bot
L 04/29/2018 - 16:51:17: [amxx_podbotmenu.amxx] [POD-Bot] "<6><STEAM_0:1:189093><>" add a bot
L 04/29/2018 - 16:51:18: [amxx_podbotmenu.amxx] [POD-Bot] "<6><STEAM_0:1:189093><>" add a bot
L 04/29/2018 - 16:51:19: [amxx_podbotmenu.amxx] [POD-Bot] "<6><STEAM_0:1:189093><>" add a bot
L 04/29/2018 - 16:51:20: [amxx_podbotmenu.amxx] [POD-Bot] "<6><STEAM_0:1:189093><>" add a bot
L 04/29/2018 - 16:51:23: [amxx_podbotmenu.amxx] [POD-Bot] "<6><STEAM_0:1:189093><>" add a bot
L 04/29/2018 - 16:51:25: [amxx_podbotmenu.amxx] [POD-Bot] "<6><STEAM_0:1:189093><>" add a bot
L 04/29/2018 - 16:51:26: [amxx_podbotmenu.amxx] [POD-Bot] "<6><STEAM_0:1:189093><>" add a bot
L 04/29/2018 - 16:51:27: [amxx_podbotmenu.amxx] [POD-Bot] "<6><STEAM_0:1:189093><>" add a bot
L 04/29/2018 - 16:51:28: [amxx_podbotmenu.amxx] [POD-Bot] "<6><STEAM_0:1:189093><>" add a bot
L 04/29/2018 - 16:51:31: [amxx_podbotmenu.amxx] [POD-Bot] "<6><STEAM_0:1:189093><>" add a bot
L 04/29/2018 - 16:51:32: [amxx_podbotmenu.amxx] [POD-Bot] "<6><STEAM_0:1:189093><>" add a bot
L 04/29/2018 - 16:51:33: [amxx_podbotmenu.amxx] [POD-Bot] "<6><STEAM_0:1:189093><>" add a bot
L 04/29/2018 - 16:51:35: [amxx_podbotmenu.amxx] [POD-Bot] "<6><STEAM_0:1:189093><>" add a bot
L 04/29/2018 - 16:51:35: [amxx_podbotmenu.amxx] [POD-Bot] "<6><STEAM_0:1:189093><>" add a bot
L 04/29/2018 - 16:51:36: [amxx_podbotmenu.amxx] [POD-Bot] "<6><STEAM_0:1:189093><>" add a bot
L 04/29/2018 - 16:51:44: [amxx_podbotmenu.amxx] [POD-Bot] "<6><STEAM_0:1:189093><>" add a bot
L 04/29/2018 - 16:51:45: [amxx_podbotmenu.amxx] [POD-Bot] "<6><STEAM_0:1:189093><>" add a bot
L 04/29/2018 - 16:51:47: [amxx_podbotmenu.amxx] [POD-Bot] "<6><STEAM_0:1:189093><>" add a bot
L 04/29/2018 - 16:51:54: [amxx_podbotmenu.amxx] [POD-Bot] "<6><STEAM_0:1:189093><>" add a bot
L 04/29/2018 - 16:51:55: [amxx_podbotmenu.amxx] [POD-Bot] "<6><STEAM_0:1:189093><>" add a bot
L 04/29/2018 - 16:51:56: [amxx_podbotmenu.amxx] [POD-Bot] "<6><STEAM_0:1:189093><>" add a bot
L 04/29/2018 - 16:51:58: [amxx_podbotmenu.amxx] [POD-Bot] "<6><STEAM_0:1:189093><>" add a bot
L 04/29/2018 - 17:02:22: [admin.amxx] Login: "Mint Show<29><STEAM_0:1:189093674><>" became an admin (account "Mint Show") (access "abcdefijkmnopqrstu") (address "192.168.0.102")
L 04/29/2018 - 17:02:45: -------- Mapchange to de_dust2 --------
L 04/29/2018 - 17:02:47: Invalid multi-lingual line (file "cstrike\addons\amxmodx\data\lang\xredirect.txt" line 1)
L 04/29/2018 - 17:02:55: [admin.amxx] Login: "Mint Show<5><STEAM_0:1:189093674><>" became an admin (account "Mint Show") (access "abcdefijkmnopqrstu") (address "192.168.0.102")
L 04/29/2018 - 17:02:55: [xredirect.amxx] Ошибка: наш сервер не был обнаружен, плагин не будет функционировать правльно
